    Checking targoo-v2 v0.1.0 (/workspaces/targoov5)
warning: unused import: `MatchMethod`
 --> src/ledger.rs:4:67
  |
4 |     CalcPath, DataQualityTier, GhgScope, Jurisdiction, LedgerRow, MatchMethod, QuarantineReason,
  |                                                                   ^^^^^^^^^^^
  |
  = note: `#[warn(unused_imports)]` (part of `#[warn(unused)]`) on by default

warning: unused imports: `CalcPath` and `Jurisdiction`
 --> src/physics.rs:1:21
  |
1 | use crate::models::{CalcPath, GhgScope, Jurisdiction, QuarantineReason, Scope3Category};
  |                     ^^^^^^^^            ^^^^^^^^^^^^

warning: unused import: `Scope3Category`
 --> src/scope3_classifier.rs:1:44
  |
1 | use crate::models::{CalcPath, MatchMethod, Scope3Category};
  |                                            ^^^^^^^^^^^^^^

warning: unused import: `Scope3Category`
 --> src/triage.rs:2:68
  |
2 | use crate::models::{CalcPath, GhgScope, Jurisdiction, MatchMethod, Scope3Category};
  |                                                                    ^^^^^^^^^^^^^^

warning: unused import: `anyhow`
 --> src/triage.rs:3:14
  |
3 | use anyhow::{anyhow, Result};
  |              ^^^^^^

warning: variable does not need to be mutable
   --> src/api.rs:151:9
    |
151 |     let mut ledger_processor = LedgerProcessor::new();
    |         ----^^^^^^^^^^^^^^^^
    |         |
    |         help: remove this `mut`
    |
    = note: `#[warn(unused_mut)]` (part of `#[warn(unused)]`) on by default

warning: unused variable: `e`
   --> src/ledger.rs:149:17
    |
149 |             Err(e) => {
    |                 ^ help: if this is intentional, prefix it with an underscore: `_e`
    |
    = note: `#[warn(unused_variables)]` (part of `#[warn(unused)]`) on by default

warning: value assigned to `tco2e` is never read
   --> src/ledger.rs:168:25
    |
168 |         let mut tco2e = 0.0;
    |                         ^^^
    |
    = help: maybe it is overwritten before being read?
    = note: `#[warn(unused_assignments)]` (part of `#[warn(unused)]`) on by default

warning: unused variable: `jurisdiction`
   --> src/gemini_client.rs:181:9
    |
181 |         jurisdiction: Jurisdiction,
    |         ^^^^^^^^^^^^ help: if this is intentional, prefix it with an underscore: `_jurisdiction`

warning: variable does not need to be mutable
  --> src/ingest.rs:67:13
   |
67 |         let mut buf_reader = BufReader::new(file);
   |             ----^^^^^^^^^^
   |             |
   |             help: remove this `mut`

warning: unused variable: `scope3_cat`
   --> src/physics.rs:165:5
    |
165 |     scope3_cat: Option<Scope3Category>,
    |     ^^^^^^^^^^ help: if this is intentional, prefix it with an underscore: `_scope3_cat`

warning: fields `scope3_cat`, `metric`, and `year` are never read
  --> src/benchmark.rs:8:5
   |
 5 | struct BenchmarkEntry {
   |        -------------- fields in this struct
...
 8 |     scope3_cat: Option<u8>,
   |     ^^^^^^^^^^
 9 |     metric: &'static str,
   |     ^^^^^^
...
14 |     year: u16,
   |     ^^^^
   |
   = note: `BenchmarkEntry` has derived impls for the traits `Clone` and `Debug`, but these are intentionally ignored during dead code analysis
   = note: `#[warn(dead_code)]` (part of `#[warn(unused)]`) on by default

warning: `targoo-v2` (lib) generated 12 warnings (run `cargo fix --lib -p targoo-v2` to apply 10 suggestions)
warning: unused import: `verify_chain`
   --> src/main.rs:164:61
    |
164 |     use targoo_v2::ledger::{LedgerProcessor, ProcessResult, verify_chain};
    |                                                             ^^^^^^^^^^^^
    |
    = note: `#[warn(unused_imports)]` (part of `#[warn(unused)]`) on by default

warning: `targoo-v2` (bin "targoo-v2") generated 1 warning (run `cargo fix --bin "targoo-v2" -p targoo-v2` to apply 1 suggestion)
    Finished `dev` profile [unoptimized + debuginfo] target(s) in 1.89s
